// Jest Snapshot v1, https://goo.gl/fbAQLP

exports[`expect to render Card comp 1`] = `
"<div>
  <Card id={1} name=\\"Josh Now\\" email=\\"josh@gmail.com\\" />
</div>"
`;
